// Jest Snapshot v1, https://goo.gl/fbAQLP

exports[`Villager component matches a snapshot 1`] = `
<DocumentFragment>
  <figure>
    <p>
      Gunther
    </p>
    <img
      alt="Gunther"
      src="http://image.com"
    />
    <figcaption>
      <p>
        hello
      </p>
    </figcaption>
  </figure>
</DocumentFragment>
`;
